interactions:
- request:
    body: null
    headers: {}
    method: GET
    uri: https://mc3-dev.mit.edu/handcar/services/learning/objectivebanks/mc3-objectivebank%3A1%40MIT-OEIT/activities?genustypeid=mc3.learning.activity.tool.based
  response:
    body: {string: '[]'}
    headers:
      Access-Control-Allow-Headers: [Content-Type]
      Access-Control-Allow-Methods: ['GET,POST,PUT,DELETE,OPTIONS']
      Access-Control-Allow-Origin: ['*']
      Cache-Control: ['max-age=604800, must-revalidate']
      Connection: [keep-alive]
      Content-Length: ['2']
      Content-Type: [application/json]
      Date: ['Fri, 26 May 2017 18:07:22 GMT']
      Server: [Apache]
    status: {code: 200, message: OK}
- request:
    body: null
    headers:
      Accept: ['*/*']
      Accept-Encoding: ['gzip, deflate']
      Connection: [keep-alive]
      User-Agent: [python-requests/2.13.0]
    method: GET
    uri: https://mc3-dev.mit.edu//handcar/services/learning/objectivebanks/mc3-objectivebank%3A1%40MIT-OEIT/activities?genustypeid=mc3.learning.activity.assessment.based
  response:
    body: {string: '[]'}
    headers:
      access-control-allow-headers: [Content-Type]
      access-control-allow-methods: ['GET,POST,PUT,DELETE,OPTIONS']
      access-control-allow-origin: ['*']
      cache-control: ['max-age=604800, must-revalidate']
      connection: ['keep-alive, Keep-Alive']
      content-length: ['2']
      content-type: [application/json]
      date: ['Fri, 26 May 2017 18:17:18 GMT']
      keep-alive: ['timeout=15, max=50']
      server: [Apache]
    status: {code: 200, message: OK}
- request:
    body: null
    headers:
      Accept: ['*/*']
      Accept-Encoding: ['gzip, deflate']
      Connection: [keep-alive]
      User-Agent: [python-requests/2.13.0]
    method: GET
    uri: https://mc3-dev.mit.edu/handcar/services/learning/objectivebanks/mc3-objectivebank%3A1%40MIT-OEIT/activities?genustypeid=mc3.learning.activity.assessment.based
  response:
    body: {string: '[]'}
    headers:
      access-control-allow-headers: [Content-Type]
      access-control-allow-methods: ['GET,POST,PUT,DELETE,OPTIONS']
      access-control-allow-origin: ['*']
      cache-control: ['max-age=604800, must-revalidate']
      connection: ['keep-alive, Keep-Alive']
      content-length: ['2']
      content-type: [application/json]
      date: ['Fri, 26 May 2017 18:20:53 GMT']
      keep-alive: ['timeout=15, max=50']
      server: [Apache]
    status: {code: 200, message: OK}
- request:
    body: null
    headers:
      Accept: ['*/*']
      Accept-Encoding: ['gzip, deflate']
      Connection: [keep-alive]
      User-Agent: [python-requests/2.14.2]
    method: GET
    uri: https://mc3-dev.mit.edu/handcar/services/learning/objectivebanks/mc3-objectivebank%3A1%40MIT-OEIT/activities?genustypeid=mc3.learning.activity.course.based
  response:
    body: {string: '[]'}
    headers:
      Access-Control-Allow-Headers: [Content-Type]
      Access-Control-Allow-Methods: ['GET,POST,PUT,DELETE,OPTIONS']
      Access-Control-Allow-Origin: ['*']
      Cache-Control: ['max-age=604800, must-revalidate']
      Connection: ['keep-alive, Keep-Alive']
      Content-Length: ['2']
      Content-Type: [application/json]
      Date: ['Wed, 28 Jun 2017 14:02:12 GMT']
      Keep-Alive: ['timeout=15, max=50']
      Server: [Apache]
    status: {code: 200, message: OK}
- request:
    body: null
    headers:
      Accept: ['*/*']
      Accept-Encoding: ['gzip, deflate']
      Connection: [keep-alive]
      User-Agent: [python-requests/2.14.2]
    method: GET
    uri: https://mc3-dev.mit.edu/handcar/services/learning/objectivebanks/mc3-objectivebank%3A1%40MIT-OEIT/activities?genustypeid=mc3.learning.activity.generic
  response:
    body: {string: '[]'}
    headers:
      Access-Control-Allow-Headers: [Content-Type]
      Access-Control-Allow-Methods: ['GET,POST,PUT,DELETE,OPTIONS']
      Access-Control-Allow-Origin: ['*']
      Cache-Control: ['max-age=604800, must-revalidate']
      Connection: ['keep-alive, Keep-Alive']
      Content-Length: ['2']
      Content-Type: [application/json]
      Date: ['Thu, 29 Jun 2017 17:15:27 GMT']
      Keep-Alive: ['timeout=15, max=50']
      Server: [Apache]
    status: {code: 200, message: OK}
- request:
    body: null
    headers:
      Accept: ['*/*']
      Accept-Encoding: ['gzip, deflate']
      Connection: [keep-alive]
      User-Agent: [python-requests/2.14.2]
    method: GET
    uri: https://mc3-dev.mit.edu/handcar/services/learning/objectivebanks/mc3-objectivebank%3A1%40MIT-OEIT/activities?genustypeid=mc3.learning.activity.asset.based
  response:
    body: {string: '[]'}
    headers:
      Access-Control-Allow-Headers: [Content-Type]
      Access-Control-Allow-Methods: ['GET,POST,PUT,DELETE,OPTIONS']
      Access-Control-Allow-Origin: ['*']
      Cache-Control: ['max-age=604800, must-revalidate']
      Connection: ['keep-alive, Keep-Alive']
      Content-Length: ['2']
      Content-Type: [application/json]
      Date: ['Fri, 30 Jun 2017 18:57:12 GMT']
      Keep-Alive: ['timeout=15, max=50']
      Server: [Apache]
    status: {code: 200, message: OK}
version: 1
