interactions:
- request:
    body: null
    headers: {}
    method: GET
    uri: https://mc3-dev.mit.edu/handcar/services/learning/objectivebanks/mc3-objectivebank%3A2%40MIT-OEIT/objectives/mc3-objective%3A178%40MIT-OEIT/parentids/
  response:
    body: {string: !!python/unicode '{"ids":["mc3-objective%3A162%40MIT-OEIT"]}'}
    headers:
      Access-Control-Allow-Headers: [Content-Type]
      Access-Control-Allow-Methods: ['GET,POST,PUT,DELETE,OPTIONS']
      Access-Control-Allow-Origin: ['*']
      Cache-Control: ['max-age=604800, must-revalidate']
      Connection: [keep-alive]
      Content-Length: ['42']
      Content-Type: [application/json]
      Date: ['Fri, 26 May 2017 18:07:09 GMT']
      Server: [Apache]
    status: {code: 200, message: OK}
- request:
    body: null
    headers: {}
    method: GET
    uri: https://mc3-dev.mit.edu/handcar/services/learning/objectivebanks/mc3-objectivebank%3A2%40MIT-OEIT/objectives/mc3-objective%3A178%40MIT-OEIT/parentids/
  response:
    body: {string: !!python/unicode '{"ids":["mc3-objective%3A162%40MIT-OEIT"]}'}
    headers:
      Access-Control-Allow-Headers: [Content-Type]
      Access-Control-Allow-Methods: ['GET,POST,PUT,DELETE,OPTIONS']
      Access-Control-Allow-Origin: ['*']
      Cache-Control: ['max-age=604800, must-revalidate']
      Connection: [keep-alive]
      Content-Length: ['42']
      Content-Type: [application/json]
      Date: ['Fri, 26 May 2017 18:07:09 GMT']
      Server: [Apache]
    status: {code: 200, message: OK}
- request:
    body: null
    headers:
      Accept: ['*/*']
      Accept-Encoding: ['gzip, deflate']
      Connection: [keep-alive]
      User-Agent: [python-requests/2.13.0]
    method: GET
    uri: https://mc3-dev.mit.edu//handcar/services/learning/objectivebanks/mc3-objectivebank%3A2%40MIT-OEIT/objectives/mc3-objective%3A178%40MIT-OEIT/parentids/
  response:
    body: {string: !!python/unicode '{"ids":["mc3-objective%3A162%40MIT-OEIT"]}'}
    headers:
      access-control-allow-headers: [Content-Type]
      access-control-allow-methods: ['GET,POST,PUT,DELETE,OPTIONS']
      access-control-allow-origin: ['*']
      cache-control: ['max-age=604800, must-revalidate']
      connection: ['keep-alive, Keep-Alive']
      content-length: ['42']
      content-type: [application/json]
      date: ['Fri, 26 May 2017 18:17:05 GMT']
      keep-alive: ['timeout=15, max=50']
      server: [Apache]
    status: {code: 200, message: OK}
version: 1
